
> client@0.0.0 test
> vitest run


[1m[46m RUN [49m[22m [36mv4.1.2 [39m[90mC:/Users/shahe/Downloads/Port/Portfolio/client[39m

node.exe : [90mstderr[2m | 
src/sections/SkillsSection.test.jsx[2m > 
[22m[2mSkillsSection[2m > [22m[2mrenders skills 
section and correct skills
At line:1 char:1
+ & "C:\Program Files\nodejs/node.exe" "C:\Program 
Files\nodejs/node_mo ...
+ ~~~~~~~~~~~~~~~~~~~~~~~~~~~~~~~~~~~~~~~~~~~~~~~~~~~~~~~
~~~~~~~~~~~~~~
    + CategoryInfo          : NotSpecified: ([90mstderr 
   [2m... correct skills:String) [], RemoteException
    + FullyQualifiedErrorId : NativeCommandError
 
[22m[39m[vitest] The vi.fn() mock did not use 
'function' or 'class' in its implementation, see 
https://vitest.dev/api/vi#vi-spyon for examples.
[vitest] The vi.fn() mock did not use 'function' or 
'class' in its implementation, see 
https://vitest.dev/api/vi#vi-spyon for examples.

 [31mÔØ»[39m src/sections/SkillsSection.test.jsx [2m([22m[2m1 test[22m[2m | [22m[31m1 failed[39m[2m)[22m[32m 46[2mms[22m[39m
[31m     [31m├ù[31m renders skills section and correct skills[39m[32m 45[2mms[22m[39m

[31mÔÄ»ÔÄ»ÔÄ»ÔÄ»ÔÄ»ÔÄ»ÔÄ»[39m[1m[41m Failed Tests 1 
[49m[22m[31mÔÄ»ÔÄ»ÔÄ»ÔÄ»ÔÄ»ÔÄ»ÔÄ»[39m

[41m[1m FAIL [22m[49m 
src/sections/SkillsSection.test.jsx[2m > 
[22mSkillsSection[2m > [22mrenders skills section and 
correct skills
[31m[1mTypeError[22m: () => new 
IntersectionObserverMock() is not a constructor[39m
[90m [2mÔØ»[22m inView node_modules/framer-motion/src/
render/dom/viewport/index.ts:[2m59:21[22m[39m
[90m [2mÔØ»[22m node_modules/framer-motion/dist/es/uti
ls/use-in-view.mjs:[2m19:16[22m[39m
[90m [2mÔØ»[22m Object.react_stack_bottom_frame node_m
odules/react-dom/cjs/react-dom-client.development.js:[2m
25989:20[22m[39m
[90m [2mÔØ»[22m runWithFiberInDEV node_modules/react-d
om/cjs/react-dom-client.development.js:[2m874:13[22m[3
9m
[90m [2mÔØ»[22m commitHookEffectListMount node_modules
/react-dom/cjs/react-dom-client.development.js:[2m13249:
29[22m[39m
[90m [2mÔØ»[22m commitHookPassiveMountEffects node_mod
ules/react-dom/cjs/react-dom-client.development.js:[2m13
336:11[22m[39m
[90m [2mÔØ»[22m commitPassiveMountOnFiber node_modules
/react-dom/cjs/react-dom-client.development.js:[2m15484:
13[22m[39m
[90m [2mÔØ»[22m 
recursivelyTraversePassiveMountEffects node_modules/react
-dom/cjs/react-dom-client.development.js:[2m15439:11[22
m[39m
[90m [2mÔØ»[22m commitPassiveMountOnFiber node_modules
/react-dom/cjs/react-dom-client.development.js:[2m15718:
11[22m[39m

[31m[2mÔÄ»ÔÄ»ÔÄ»ÔÄ»ÔÄ»ÔÄ»ÔÄ»ÔÄ»ÔÄ»ÔÄ»ÔÄ»ÔÄ»ÔÄ»ÔÄ»ÔÄ»ÔÄ»
ÔÄ»ÔÄ»ÔÄ»ÔÄ»ÔÄ»ÔÄ»ÔÄ»ÔÄ»[1/2]ÔÄ»[22m[39m

[41m[1m FAIL [22m[49m 
src/sections/SkillsSection.test.jsx[2m > 
[22mSkillsSection[2m > [22mrenders skills section and 
correct skills
[31m[1mTypeError[22m: () => new 
IntersectionObserverMock() is not a constructor[39m
[90m [2mÔØ»[22m inView node_modules/framer-motion/src/
render/dom/viewport/index.ts:[2m59:21[22m[39m
[90m [2mÔØ»[22m node_modules/framer-motion/dist/es/uti
ls/use-in-view.mjs:[2m19:16[22m[39m
[90m [2mÔØ»[22m Object.react_stack_bottom_frame node_m
odules/react-dom/cjs/react-dom-client.development.js:[2m
25989:20[22m[39m
[90m [2mÔØ»[22m runWithFiberInDEV node_modules/react-d
om/cjs/react-dom-client.development.js:[2m874:13[22m[3
9m
[90m [2mÔØ»[22m commitHookEffectListMount node_modules
/react-dom/cjs/react-dom-client.development.js:[2m13249:
29[22m[39m
[90m [2mÔØ»[22m commitHookPassiveMountEffects node_mod
ules/react-dom/cjs/react-dom-client.development.js:[2m13
336:11[22m[39m
[90m [2mÔØ»[22m commitPassiveMountOnFiber node_modules
/react-dom/cjs/react-dom-client.development.js:[2m15484:
13[22m[39m
[90m [2mÔØ»[22m 
recursivelyTraversePassiveMountEffects node_modules/react
-dom/cjs/react-dom-client.development.js:[2m15439:11[22
m[39m
[90m [2mÔØ»[22m commitPassiveMountOnFiber node_modules
/react-dom/cjs/react-dom-client.development.js:[2m15519:
11[22m[39m

[31m[2mÔÄ»ÔÄ»ÔÄ»ÔÄ»ÔÄ»ÔÄ»ÔÄ»ÔÄ»ÔÄ»ÔÄ»ÔÄ»ÔÄ»ÔÄ»ÔÄ»ÔÄ»ÔÄ»
ÔÄ»ÔÄ»ÔÄ»ÔÄ»ÔÄ»ÔÄ»ÔÄ»ÔÄ»[2/2]ÔÄ»[22m[39m


[2m Test Files [22m [1m[31m1 failed[39m[22m[90m (1)[39m
[2m      Tests [22m [1m[31m1 failed[39m[22m[90m (1)[39m
[2m   Start at [22m 17:50:53
[2m   Duration [22m 1.00s[2m (transform 53ms, setup 64ms, import 210ms, tests 46ms, environment 513ms)[22m

